// Jest Snapshot v1, https://goo.gl/fbAQLP

exports[`CounterComponent debe hacer match con el snapshot 1`] = `
CounterComponent {
  "__ngContext__": 2,
  "counter": 10,
}
`;
