// Jest Snapshot v1, https://goo.gl/fbAQLP

exports[`FatherComponent debe hacer match con el snapshot 1`] = `
<div
  id="root1"
>
  <h1>
    Padre
  </h1>
  <button>
    Cargar cliente
  </button>
  <br />
  <code>
     

  </code>
  <hr />
  <app-father-son />
</div>
`;
