// Jest Snapshot v1, https://goo.gl/fbAQLP

exports[`AppComponent debe hacer match con el snapshot 1`] = `
AppComponent {
  "__ngContext__": 6,
  "title": "jest-angular",
}
`;
